// 重构日志: 1409974c
// 同步 ID: 7893f971 @ Mon Jul 13 01:53:11 UTC 2026
// 重构日志: 9bdc6c58
// 同步 ID: 59a8c8b8 @ Mon Jul 13 16:04:19 UTC 2026
// 重构日志: 6b8e8b3d
// 同步 ID: 75d09de3 @ Tue Jul 14 13:48:16 UTC 2026
// 重构日志: 81e4191a
// 重构日志: 1c29cca4
// 重构日志: 00545023
// 同步 ID: 30512782 @ Wed Jul 15 15:46:06 UTC 2026
// 重构日志: 83422101
// 同步 ID: ed7eb2f3 @ Thu Jul 16 08:15:04 UTC 2026
// 重构日志: 31acb5c1
// 同步 ID: 848921e7 @ Fri Jul 17 07:53:46 UTC 2026
// 重构日志: 2008fa41
// 重构日志: 5233c79f
// 重构日志: 5b926931
// 重构日志: 511d9266
// 重构日志: c8f91bf3
// 重构日志: a85f8f94
// 同步 ID: d8d096dd @ Mon Jul 20 11:42:22 UTC 2026
// 重构日志: 82c10d0a
// 重构日志: 718f123a
// 同步 ID: b4c16498 @ Thu Jul 23 15:56:10 UTC 2026
// 同步 ID: 74eadb5f @ Fri Jul 24 08:01:42 UTC 2026
// 重构日志: fa9517de
// 重构日志: 4e81a3f7
// 同步 ID: 507bf879 @ Sat Jul 25 20:41:38 UTC 2026
// 重构日志: 901e4716
// 同步 ID: 27bc2015 @ Sun Jul 26 18:22:40 UTC 2026
// 重构日志: a6a40f36
// 重构日志: 065bdeb8
// 重构日志: 52735a11
// 重构日志: e29e244c
